Build signed release APK	Set up job	∩╗┐2025-12-01T00:35:39.9427687Z Current runner version: '2.329.0'
Build signed release APK	Set up job	2025-12-01T00:35:39.9463129Z ##[group]Runner Image Provisioner
Build signed release APK	Set up job	2025-12-01T00:35:39.9464449Z Hosted Compute Agent
Build signed release APK	Set up job	2025-12-01T00:35:39.9465538Z Version: 20251016.436
Build signed release APK	Set up job	2025-12-01T00:35:39.9466568Z Commit: 8ab8ac8bfd662a3739dab9fe09456aba92132568
Build signed release APK	Set up job	2025-12-01T00:35:39.9467726Z Build Date: 2025-10-15T20:44:12Z
Build signed release APK	Set up job	2025-12-01T00:35:39.9468974Z ##[endgroup]
Build signed release APK	Set up job	2025-12-01T00:35:39.9469843Z ##[group]Operating System
Build signed release APK	Set up job	2025-12-01T00:35:39.9470823Z Ubuntu
Build signed release APK	Set up job	2025-12-01T00:35:39.9472072Z 24.04.3
Build signed release APK	Set up job	2025-12-01T00:35:39.9472923Z LTS
Build signed release APK	Set up job	2025-12-01T00:35:39.9473650Z ##[endgroup]
Build signed release APK	Set up job	2025-12-01T00:35:39.9474778Z ##[group]Runner Image
Build signed release APK	Set up job	2025-12-01T00:35:39.9475915Z Image: ubuntu-24.04
Build signed release APK	Set up job	2025-12-01T00:35:39.9477342Z Version: 20251112.124.1
Build signed release APK	Set up job	2025-12-01T00:35:39.9479205Z Included Software: https://github.com/actions/runner-images/blob/ubuntu24/20251112.124/images/ubuntu/Ubuntu2404-Readme.md
Build signed release APK	Set up job	2025-12-01T00:35:39.9482211Z Image Release: https://github.com/actions/runner-images/releases/tag/ubuntu24%2F20251112.124
Build signed release APK	Set up job	2025-12-01T00:35:39.9484378Z ##[endgroup]
Build signed release APK	Set up job	2025-12-01T00:35:39.9489218Z ##[group]GITHUB_TOKEN Permissions
Build signed release APK	Set up job	2025-12-01T00:35:39.9492782Z Actions: write
Build signed release APK	Set up job	2025-12-01T00:35:39.9493695Z ArtifactMetadata: write
Build signed release APK	Set up job	2025-12-01T00:35:39.9494823Z Attestations: write
Build signed release APK	Set up job	2025-12-01T00:35:39.9495656Z Checks: write
Build signed release APK	Set up job	2025-12-01T00:35:39.9496498Z Contents: write
Build signed release APK	Set up job	2025-12-01T00:35:39.9497558Z Deployments: write
Build signed release APK	Set up job	2025-12-01T00:35:39.9498535Z Discussions: write
Build signed release APK	Set up job	2025-12-01T00:35:39.9499444Z Issues: write
Build signed release APK	Set up job	2025-12-01T00:35:39.9500497Z Metadata: read
Build signed release APK	Set up job	2025-12-01T00:35:39.9501356Z Models: read
Build signed release APK	Set up job	2025-12-01T00:35:39.9502681Z Packages: write
Build signed release APK	Set up job	2025-12-01T00:35:39.9503651Z Pages: write
Build signed release APK	Set up job	2025-12-01T00:35:39.9504545Z PullRequests: write
Build signed release APK	Set up job	2025-12-01T00:35:39.9505573Z RepositoryProjects: write
Build signed release APK	Set up job	2025-12-01T00:35:39.9506627Z SecurityEvents: write
Build signed release APK	Set up job	2025-12-01T00:35:39.9507478Z Statuses: write
Build signed release APK	Set up job	2025-12-01T00:35:39.9508298Z ##[endgroup]
Build signed release APK	Set up job	2025-12-01T00:35:39.9511103Z Secret source: Actions
Build signed release APK	Set up job	2025-12-01T00:35:39.9512789Z Prepare workflow directory
Build signed release APK	Set up job	2025-12-01T00:35:39.9946682Z Prepare all required actions
Build signed release APK	Set up job	2025-12-01T00:35:39.9984959Z Getting action download info
Build signed release APK	Set up job	2025-12-01T00:35:40.3638581Z Download action repository 'actions/checkout@v4' (SHA:34e114876b0b11c390a56381ad16ebd13914f8d5)
Build signed release APK	Set up job	2025-12-01T00:35:40.8503127Z Download action repository 'actions/setup-java@v3' (SHA:17f84c3641ba7b8f6deff6309fc4c864478f5d62)
Build signed release APK	Set up job	2025-12-01T00:35:41.2963528Z Download action repository 'subosito/flutter-action@v2' (SHA:fd55f4c5af5b953cc57a2be44cb082c8f6635e8e)
Build signed release APK	Set up job	2025-12-01T00:35:41.5572031Z Download action repository 'actions/upload-artifact@v4' (SHA:ea165f8d65b6e75b540449e92b4886f43607fa02)
Build signed release APK	Set up job	2025-12-01T00:35:41.7797387Z Getting action download info
Build signed release APK	Set up job	2025-12-01T00:35:41.8902150Z Download action repository 'actions/cache@v4' (SHA:0057852bfaa89a56745cba8c7296529d2fc39830)
Build signed release APK	Set up job	2025-12-01T00:35:42.0392118Z Complete job name: Build signed release APK
Build signed release APK	Checkout	∩╗┐2025-12-01T00:35:42.1199475Z ##[group]Run actions/checkout@v4
Build signed release APK	Checkout	2025-12-01T00:35:42.1200781Z with:
Build signed release APK	Checkout	2025-12-01T00:35:42.1201777Z   repository: bojanbc83/gavra_android
Build signed release APK	Checkout	2025-12-01T00:35:42.1203101Z   token: ***
Build signed release APK	Checkout	2025-12-01T00:35:42.1203876Z   ssh-strict: true
Build signed release APK	Checkout	2025-12-01T00:35:42.1204696Z   ssh-user: git
Build signed release APK	Checkout	2025-12-01T00:35:42.1205523Z   persist-credentials: true
Build signed release APK	Checkout	2025-12-01T00:35:42.1206430Z   clean: true
Build signed release APK	Checkout	2025-12-01T00:35:42.1207256Z   sparse-checkout-cone-mode: true
Build signed release APK	Checkout	2025-12-01T00:35:42.1208285Z   fetch-depth: 1
Build signed release APK	Checkout	2025-12-01T00:35:42.1209079Z   fetch-tags: false
Build signed release APK	Checkout	2025-12-01T00:35:42.1209890Z   show-progress: true
Build signed release APK	Checkout	2025-12-01T00:35:42.1210696Z   lfs: false
Build signed release APK	Checkout	2025-12-01T00:35:42.1211444Z   submodules: false
Build signed release APK	Checkout	2025-12-01T00:35:42.1212391Z   set-safe-directory: true
Build signed release APK	Checkout	2025-12-01T00:35:42.1213514Z env:
Build signed release APK	Checkout	2025-12-01T00:35:42.1214258Z   FLUTTER_VERSION: 3.35.6
Build signed release APK	Checkout	2025-12-01T00:35:42.1215111Z ##[endgroup]
Build signed release APK	Checkout	2025-12-01T00:35:42.2307746Z Syncing repository: bojanbc83/gavra_android
Build signed release APK	Checkout	2025-12-01T00:35:42.2310315Z ##[group]Getting Git version info
Build signed release APK	Checkout	2025-12-01T00:35:42.2312019Z Working directory is '/home/runner/work/gavra_android/gavra_android'
Build signed release APK	Checkout	2025-12-01T00:35:42.2314085Z [command]/usr/bin/git version
Build signed release APK	Checkout	2025-12-01T00:35:42.2366448Z git version 2.51.2
Build signed release APK	Checkout	2025-12-01T00:35:42.2393591Z ##[endgroup]
Build signed release APK	Checkout	2025-12-01T00:35:42.2408445Z Temporarily overriding HOME='/home/runner/work/_temp/7cbef4f9-a1b3-40ea-ac92-b720dd22e1a8' before making global git config changes
Build signed release APK	Checkout	2025-12-01T00:35:42.2412074Z Adding repository directory to the temporary git global config as a safe directory
Build signed release APK	Checkout	2025-12-01T00:35:42.2420679Z [command]/usr/bin/git config --global --add safe.directory /home/runner/work/gavra_android/gavra_android
Build signed release APK	Checkout	2025-12-01T00:35:42.2455928Z Deleting the contents of '/home/runner/work/gavra_android/gavra_android'
Build signed release APK	Checkout	2025-12-01T00:35:42.2459510Z ##[group]Initializing the repository
Build signed release APK	Checkout	2025-12-01T00:35:42.2463398Z [command]/usr/bin/git init /home/runner/work/gavra_android/gavra_android
Build signed release APK	Checkout	2025-12-01T00:35:42.2558937Z hint: Using 'master' as the name for the initial branch. This default branch name
Build signed release APK	Checkout	2025-12-01T00:35:42.2560826Z hint: is subject to change. To configure the initial branch name to use in all
Build signed release APK	Checkout	2025-12-01T00:35:42.2562694Z hint: of your new repositories, which will suppress this warning, call:
Build signed release APK	Checkout	2025-12-01T00:35:42.2564016Z hint:
Build signed release APK	Checkout	2025-12-01T00:35:42.2565334Z hint: 	git config --global init.defaultBranch <name>
Build signed release APK	Checkout	2025-12-01T00:35:42.2567235Z hint:
Build signed release APK	Checkout	2025-12-01T00:35:42.2568663Z hint: Names commonly chosen instead of 'master' are 'main', 'trunk' and
Build signed release APK	Checkout	2025-12-01T00:35:42.2570728Z hint: 'development'. The just-created branch can be renamed via this command:
Build signed release APK	Checkout	2025-12-01T00:35:42.2572279Z hint:
Build signed release APK	Checkout	2025-12-01T00:35:42.2573065Z hint: 	git branch -m <name>
Build signed release APK	Checkout	2025-12-01T00:35:42.2573930Z hint:
Build signed release APK	Checkout	2025-12-01T00:35:42.2575079Z hint: Disable this message with "git config set advice.defaultBranchName false"
Build signed release APK	Checkout	2025-12-01T00:35:42.2577489Z Initialized empty Git repository in /home/runner/work/gavra_android/gavra_android/.git/
Build signed release APK	Checkout	2025-12-01T00:35:42.2580592Z [command]/usr/bin/git remote add origin https://github.com/bojanbc83/gavra_android
Build signed release APK	Checkout	2025-12-01T00:35:42.2674249Z ##[endgroup]
Build signed release APK	Checkout	2025-12-01T00:35:42.2676933Z ##[group]Disabling automatic garbage collection
Build signed release APK	Checkout	2025-12-01T00:35:42.2679171Z [command]/usr/bin/git config --local gc.auto 0
Build signed release APK	Checkout	2025-12-01T00:35:42.2683853Z ##[endgroup]
Build signed release APK	Checkout	2025-12-01T00:35:42.2686167Z ##[group]Setting up auth
Build signed release APK	Checkout	2025-12-01T00:35:42.2688379Z [command]/usr/bin/git config --local --name-only --get-regexp core\.sshCommand
Build signed release APK	Checkout	2025-12-01T00:35:42.2692574Z [command]/usr/bin/git submodule foreach --recursive sh -c "git config --local --name-only --get-regexp 'core\.sshCommand' && git config --local --unset-all 'core.sshCommand' || :"
Build signed release APK	Checkout	2025-12-01T00:35:42.3009459Z [command]/usr/bin/git config --local --name-only --get-regexp http\.https\:\/\/github\.com\/\.extraheader
Build signed release APK	Checkout	2025-12-01T00:35:42.3038289Z [command]/usr/bin/git submodule foreach --recursive sh -c "git config --local --name-only --get-regexp 'http\.https\:\/\/github\.com\/\.extraheader' && git config --local --unset-all 'http.https://github.com/.extraheader' || :"
Build signed release APK	Checkout	2025-12-01T00:35:42.3256652Z [command]/usr/bin/git config --local --name-only --get-regexp ^includeIf\.gitdir:
Build signed release APK	Checkout	2025-12-01T00:35:42.3285751Z [command]/usr/bin/git submodule foreach --recursive git config --local --show-origin --name-only --get-regexp remote.origin.url
Build signed release APK	Checkout	2025-12-01T00:35:42.3515185Z [command]/usr/bin/git config --local http.https://github.com/.extraheader AUTHORIZATION: basic ***
Build signed release APK	Checkout	2025-12-01T00:35:42.3549619Z ##[endgroup]
Build signed release APK	Checkout	2025-12-01T00:35:42.3552441Z ##[group]Fetching the repository
Build signed release APK	Checkout	2025-12-01T00:35:42.3561304Z [command]/usr/bin/git -c protocol.version=2 fetch --no-tags --prune --no-recurse-submodules --depth=1 origin +b3b39070968af181265a94b9b3c34b9dc5c58f78:refs/remotes/origin/main
Build signed release APK	Checkout	2025-12-01T00:35:42.9424738Z From https://github.com/bojanbc83/gavra_android
Build signed release APK	Checkout	2025-12-01T00:35:42.9425665Z  * [new ref]         b3b39070968af181265a94b9b3c34b9dc5c58f78 -> origin/main
Build signed release APK	Checkout	2025-12-01T00:35:42.9458182Z ##[endgroup]
Build signed release APK	Checkout	2025-12-01T00:35:42.9469159Z ##[group]Determining the checkout info
Build signed release APK	Checkout	2025-12-01T00:35:42.9469967Z ##[endgroup]
Build signed release APK	Checkout	2025-12-01T00:35:42.9470753Z [command]/usr/bin/git sparse-checkout disable
Build signed release APK	Checkout	2025-12-01T00:35:42.9515394Z [command]/usr/bin/git config --local --unset-all extensions.worktreeConfig
Build signed release APK	Checkout	2025-12-01T00:35:42.9544510Z ##[group]Checking out the ref
Build signed release APK	Checkout	2025-12-01T00:35:42.9549372Z [command]/usr/bin/git checkout --progress --force -B main refs/remotes/origin/main
Build signed release APK	Checkout	2025-12-01T00:35:43.0185289Z Switched to a new branch 'main'
Build signed release APK	Checkout	2025-12-01T00:35:43.0186186Z branch 'main' set up to track 'origin/main'.
Build signed release APK	Checkout	2025-12-01T00:35:43.0197195Z ##[endgroup]
Build signed release APK	Checkout	2025-12-01T00:35:43.0236670Z [command]/usr/bin/git log -1 --format=%H
Build signed release APK	Checkout	2025-12-01T00:35:43.0258350Z b3b39070968af181265a94b9b3c34b9dc5c58f78
Build signed release APK	Setup Java	∩╗┐2025-12-01T00:35:43.0490056Z ##[group]Run actions/setup-java@v3
Build signed release APK	Setup Java	2025-12-01T00:35:43.0490415Z with:
Build signed release APK	Setup Java	2025-12-01T00:35:43.0490640Z   distribution: zulu
Build signed release APK	Setup Java	2025-12-01T00:35:43.0490892Z   java-version: 17
Build signed release APK	Setup Java	2025-12-01T00:35:43.0491145Z   java-package: jdk
Build signed release APK	Setup Java	2025-12-01T00:35:43.0491398Z   check-latest: false
Build signed release APK	Setup Java	2025-12-01T00:35:43.0491930Z   server-id: github
Build signed release APK	Setup Java	2025-12-01T00:35:43.0492195Z   server-username: GITHUB_ACTOR
Build signed release APK	Setup Java	2025-12-01T00:35:43.0492489Z   server-password: GITHUB_TOKEN
Build signed release APK	Setup Java	2025-12-01T00:35:43.0492781Z   overwrite-settings: true
Build signed release APK	Setup Java	2025-12-01T00:35:43.0493068Z   job-status: success
Build signed release APK	Setup Java	2025-12-01T00:35:43.0493445Z   token: ***
Build signed release APK	Setup Java	2025-12-01T00:35:43.0493672Z env:
Build signed release APK	Setup Java	2025-12-01T00:35:43.0493903Z   FLUTTER_VERSION: 3.35.6
Build signed release APK	Setup Java	2025-12-01T00:35:43.0494162Z ##[endgroup]
Build signed release APK	Setup Java	2025-12-01T00:35:43.2425627Z ##[group]Installed distributions
Build signed release APK	Setup Java	2025-12-01T00:35:43.2453610Z Trying to resolve the latest version from remote
Build signed release APK	Setup Java	2025-12-01T00:35:43.3331023Z Resolved latest version as 17.0.17+10
Build signed release APK	Setup Java	2025-12-01T00:35:43.3331830Z Trying to download...
Build signed release APK	Setup Java	2025-12-01T00:35:43.3332660Z Downloading Java 17.0.17+10 (Zulu) from https://cdn.azul.com/zulu/bin/zulu17.62.19-ca-crac-jdk17.0.17-linux_x64.tar.gz ...
Build signed release APK	Setup Java	2025-12-01T00:35:45.2810265Z Extracting Java archive...
Build signed release APK	Setup Java	2025-12-01T00:35:45.2907756Z [command]/usr/bin/tar xz --warning=no-unknown-keyword -C /home/runner/work/_temp/6d480324-405f-4002-8574-f56d1d635c82 -f /home/runner/work/_temp/29a4769e-2664-4ede-a303-7084743d7338
Build signed release APK	Setup Java	2025-12-01T00:35:48.2982744Z Java 17.0.17+10 was downloaded
Build signed release APK	Setup Java	2025-12-01T00:35:48.2983297Z Setting Java 17.0.17+10 as the default
Build signed release APK	Setup Java	2025-12-01T00:35:48.2993468Z Creating toolchains.xml for JDK version 17 from zulu
Build signed release APK	Setup Java	2025-12-01T00:35:48.3069589Z Writing to /home/runner/.m2/toolchains.xml
Build signed release APK	Setup Java	2025-12-01T00:35:48.3070655Z 
Build signed release APK	Setup Java	2025-12-01T00:35:48.3070921Z Java configuration:
Build signed release APK	Setup Java	2025-12-01T00:35:48.3071307Z   Distribution: zulu
Build signed release APK	Setup Java	2025-12-01T00:35:48.3073756Z   Version: 17.0.17+10
Build signed release APK	Setup Java	2025-12-01T00:35:48.3074268Z   Path: /opt/hostedtoolcache/Java_Zulu_jdk/17.0.17-10/x64
Build signed release APK	Setup Java	2025-12-01T00:35:48.3074704Z 
Build signed release APK	Setup Java	2025-12-01T00:35:48.3075716Z ##[endgroup]
Build signed release APK	Setup Java	2025-12-01T00:35:48.3089451Z Creating settings.xml with server-id: github
Build signed release APK	Setup Java	2025-12-01T00:35:48.3090255Z Writing to /home/runner/.m2/settings.xml
Build signed release APK	Setup Flutter	∩╗┐2025-12-01T00:35:48.3340559Z ##[group]Run subosito/flutter-action@v2
Build signed release APK	Setup Flutter	2025-12-01T00:35:48.3340877Z with:
Build signed release APK	Setup Flutter	2025-12-01T00:35:48.3341081Z   flutter-version: 3.35.6
Build signed release APK	Setup Flutter	2025-12-01T00:35:48.3341299Z   channel: stable
Build signed release APK	Setup Flutter	2025-12-01T00:35:48.3341511Z   architecture: X64
Build signed release APK	Setup Flutter	2025-12-01T00:35:48.3341903Z   cache: false
Build signed release APK	Setup Flutter	2025-12-01T00:35:48.3342114Z   pub-cache-path: default
Build signed release APK	Setup Flutter	2025-12-01T00:35:48.3342351Z   dry-run: false
Build signed release APK	Setup Flutter	2025-12-01T00:35:48.3342608Z   git-source: https://github.com/flutter/flutter.git
Build signed release APK	Setup Flutter	2025-12-01T00:35:48.3342915Z env:
Build signed release APK	Setup Flutter	2025-12-01T00:35:48.3343101Z   FLUTTER_VERSION: 3.35.6
Build signed release APK	Setup Flutter	2025-12-01T00:35:48.3343391Z   JAVA_HOME: /opt/hostedtoolcache/Java_Zulu_jdk/17.0.17-10/x64
Build signed release APK	Setup Flutter	2025-12-01T00:35:48.3343791Z   JAVA_HOME_17_X64: /opt/hostedtoolcache/Java_Zulu_jdk/17.0.17-10/x64
Build signed release APK	Setup Flutter	2025-12-01T00:35:48.3344105Z ##[endgroup]
Build signed release APK	Setup Flutter	2025-12-01T00:35:48.3432108Z ##[group]Run chmod +x "$GITHUB_ACTION_PATH/setup.sh"
Build signed release APK	Setup Flutter	2025-12-01T00:35:48.3432559Z [36;1mchmod +x "$GITHUB_ACTION_PATH/setup.sh"[0m
Build signed release APK	Setup Flutter	2025-12-01T00:35:48.3473712Z shell: /usr/bin/bash --noprofile --norc -e -o pipefail {0}
Build signed release APK	Setup Flutter	2025-12-01T00:35:48.3474143Z env:
Build signed release APK	Setup Flutter	2025-12-01T00:35:48.3474344Z   FLUTTER_VERSION: 3.35.6
Build signed release APK	Setup Flutter	2025-12-01T00:35:48.3474644Z   JAVA_HOME: /opt/hostedtoolcache/Java_Zulu_jdk/17.0.17-10/x64
Build signed release APK	Setup Flutter	2025-12-01T00:35:48.3475039Z   JAVA_HOME_17_X64: /opt/hostedtoolcache/Java_Zulu_jdk/17.0.17-10/x64
Build signed release APK	Setup Flutter	2025-12-01T00:35:48.3475354Z ##[endgroup]
Build signed release APK	Setup Flutter	2025-12-01T00:35:48.3609573Z ##[group]Run $GITHUB_ACTION_PATH/setup.sh -p \
Build signed release APK	Setup Flutter	2025-12-01T00:35:48.3610136Z [36;1m$GITHUB_ACTION_PATH/setup.sh -p \[0m
Build signed release APK	Setup Flutter	2025-12-01T00:35:48.3610415Z [36;1m  -n '3.35.6' \[0m
Build signed release APK	Setup Flutter	2025-12-01T00:35:48.3610631Z [36;1m  -f '' \[0m
Build signed release APK	Setup Flutter	2025-12-01T00:35:48.3610831Z [36;1m  -a 'X64' \[0m
Build signed release APK	Setup Flutter	2025-12-01T00:35:48.3611034Z [36;1m  -k '' \[0m
Build signed release APK	Setup Flutter	2025-12-01T00:35:48.3611232Z [36;1m  -c '' \[0m
Build signed release APK	Setup Flutter	2025-12-01T00:35:48.3611429Z [36;1m  -l '' \[0m
Build signed release APK	Setup Flutter	2025-12-01T00:35:48.3611874Z [36;1m  -d 'default' \[0m
Build signed release APK	Setup Flutter	2025-12-01T00:35:48.3612214Z [36;1m  -g 'https://github.com/flutter/flutter.git' \[0m
Build signed release APK	Setup Flutter	2025-12-01T00:35:48.3612523Z [36;1m  stable[0m
Build signed release APK	Setup Flutter	2025-12-01T00:35:48.3644017Z shell: /usr/bin/bash --noprofile --norc -e -o pipefail {0}
Build signed release APK	Setup Flutter	2025-12-01T00:35:48.3644363Z env:
Build signed release APK	Setup Flutter	2025-12-01T00:35:48.3644550Z   FLUTTER_VERSION: 3.35.6
Build signed release APK	Setup Flutter	2025-12-01T00:35:48.3644853Z   JAVA_HOME: /opt/hostedtoolcache/Java_Zulu_jdk/17.0.17-10/x64
Build signed release APK	Setup Flutter	2025-12-01T00:35:48.3645253Z   JAVA_HOME_17_X64: /opt/hostedtoolcache/Java_Zulu_jdk/17.0.17-10/x64
Build signed release APK	Setup Flutter	2025-12-01T00:35:48.3645594Z ##[endgroup]
Build signed release APK	Setup Flutter	2025-12-01T00:35:48.7399622Z ##[group]Run $GITHUB_ACTION_PATH/setup.sh \
Build signed release APK	Setup Flutter	2025-12-01T00:35:48.7399973Z [36;1m$GITHUB_ACTION_PATH/setup.sh \[0m
Build signed release APK	Setup Flutter	2025-12-01T00:35:48.7400238Z [36;1m  -n '3.35.6' \[0m
Build signed release APK	Setup Flutter	2025-12-01T00:35:48.7400462Z [36;1m  -a 'x64' \[0m
Build signed release APK	Setup Flutter	2025-12-01T00:35:48.7400758Z [36;1m  -c '/opt/hostedtoolcache/flutter/stable-3.35.6-x64' \[0m
Build signed release APK	Setup Flutter	2025-12-01T00:35:48.7401103Z [36;1m  -d '/home/runner/.pub-cache' \[0m
Build signed release APK	Setup Flutter	2025-12-01T00:35:48.7401351Z [36;1m  stable[0m
Build signed release APK	Setup Flutter	2025-12-01T00:35:48.7436366Z shell: /usr/bin/bash --noprofile --norc -e -o pipefail {0}
Build signed release APK	Setup Flutter	2025-12-01T00:35:48.7436699Z env:
Build signed release APK	Setup Flutter	2025-12-01T00:35:48.7436892Z   FLUTTER_VERSION: 3.35.6
Build signed release APK	Setup Flutter	2025-12-01T00:35:48.7437218Z   JAVA_HOME: /opt/hostedtoolcache/Java_Zulu_jdk/17.0.17-10/x64
Build signed release APK	Setup Flutter	2025-12-01T00:35:48.7437616Z   JAVA_HOME_17_X64: /opt/hostedtoolcache/Java_Zulu_jdk/17.0.17-10/x64
Build signed release APK	Setup Flutter	2025-12-01T00:35:48.7437939Z ##[endgroup]
Build signed release APK	Setup Flutter	2025-12-01T00:35:48.8983088Z   % Total    % Received % Xferd  Average Speed   Time    Time     Time  Current
Build signed release APK	Setup Flutter	2025-12-01T00:35:48.8983961Z                                  Dload  Upload   Total   Spent    Left  Speed
Build signed release APK	Setup Flutter	2025-12-01T00:35:48.8984368Z 
Build signed release APK	Setup Flutter	2025-12-01T00:35:49.0048001Z   0     0    0     0    0     0      0      0 --:--:-- --:--:-- --:--:--     0
Build signed release APK	Setup Flutter	2025-12-01T00:35:49.9935942Z   0 1372M    0 15039    0     0   137k      0  2:49:53 --:--:--  2:49:53  137k
Build signed release APK	Setup Flutter	2025-12-01T00:35:50.9914358Z   0 1372M    0 10.7M    0     0   9.7M      0  0:02:20  0:00:01  0:02:19  9.7M
Build signed release APK	Setup Flutter	2025-12-01T00:35:51.9937425Z   1 1372M    1 21.7M    0     0  10.3M      0  0:02:12  0:00:02  0:02:10 10.3M
Build signed release APK	Setup Flutter	2025-12-01T00:35:52.9933089Z   2 1372M    2 32.8M    0     0  10.6M      0  0:02:09  0:00:03  0:02:06 10.6M
Build signed release APK	Setup Flutter	2025-12-01T00:35:53.9947294Z   3 1372M    3 43.0M    0     0  10.5M      0  0:02:10  0:00:04  0:02:06 10.5M
Build signed release APK	Setup Flutter	2025-12-01T00:35:54.9942128Z   3 1372M    3 53.5M    0     0  10.5M      0  0:02:10  0:00:05  0:02:05 10.7M
Build signed release APK	Setup Flutter	2025-12-01T00:35:55.9931427Z   4 1372M    4 64.6M    0     0  10.6M      0  0:02:09  0:00:06  0:02:03 10.7M
Build signed release APK	Setup Flutter	2025-12-01T00:35:56.9984146Z   5 1372M    5 75.7M    0     0  10.6M      0  0:02:08  0:00:07  0:02:01 10.8M
Build signed release APK	Setup Flutter	2025-12-01T00:35:57.9933335Z   6 1372M    6 86.4M    0     0  10.6M      0  0:02:08  0:00:08  0:02:00 10.7M
Build signed release APK	Setup Flutter	2025-12-01T00:35:58.9922019Z   7 1372M    7 96.7M    0     0  10.6M      0  0:02:09  0:00:09  0:02:00 10.7M
Build signed release APK	Setup Flutter	2025-12-01T00:35:59.9930982Z   7 1372M    7  107M    0     0  10.6M      0  0:02:08  0:00:10  0:01:58 10.8M
Build signed release APK	Setup Flutter	2025-12-01T00:36:00.9926057Z   8 1372M    8  118M    0     0  10.7M      0  0:02:08  0:00:11  0:01:57 10.8M
Build signed release APK	Setup Flutter	2025-12-01T00:36:01.9909565Z   9 1372M    9  129M    0     0  10.7M      0  0:02:08  0:00:12  0:01:56 10.7M
Build signed release APK	Setup Flutter	2025-12-01T00:36:02.9937673Z  10 1372M   10  140M    0     0  10.7M      0  0:02:08  0:00:13  0:01:55 10.7M
Build signed release APK	Setup Flutter	2025-12-01T00:36:03.9920551Z  11 1372M   11  151M    0     0  10.7M      0  0:02:07  0:00:14  0:01:53 10.9M
Build signed release APK	Setup Flutter	2025-12-01T00:36:04.9909983Z  11 1372M   11  162M    0     0  10.7M      0  0:02:07  0:00:15  0:01:52 10.9M
Build signed release APK	Setup Flutter	2025-12-01T00:36:05.9968033Z  12 1372M   12  173M    0     0  10.7M      0  0:02:07  0:00:16  0:01:51 10.9M
Build signed release APK	Setup Flutter	2025-12-01T00:36:06.9953455Z  13 1372M   13  184M    0     0  10.7M      0  0:02:07  0:00:17  0:01:50 10.9M
Build signed release APK	Setup Flutter	2025-12-01T00:36:07.9959875Z  14 1372M   14  195M    0     0  10.7M      0  0:02:07  0:00:18  0:01:49 10.9M
Build signed release APK	Setup Flutter	2025-12-01T00:36:08.9914247Z  14 1372M   14  205M    0     0  10.7M      0  0:02:07  0:00:19  0:01:48 10.7M
Build signed release APK	Setup Flutter	2025-12-01T00:36:09.9918728Z  15 1372M   15  215M    0     0  10.7M      0  0:02:08  0:00:20  0:01:48 10.5M
Build signed release APK	Setup Flutter	2025-12-01T00:36:10.9919583Z  16 1372M   16  226M    0     0  10.7M      0  0:02:08  0:00:21  0:01:47 10.5M
Build signed release APK	Setup Flutter	2025-12-01T00:36:11.9934988Z  17 1372M   17  237M    0     0  10.7M      0  0:02:07  0:00:22  0:01:45 10.5M
Build signed release APK	Setup Flutter	2025-12-01T00:36:12.9895810Z  17 1372M   17  246M    0     0  10.6M      0  0:02:08  0:00:23  0:01:45 10.3M
Build signed release APK	Setup Flutter	2025-12-01T00:36:13.9906010Z  18 1372M   18  256M    0     0  10.6M      0  0:02:08  0:00:24  0:01:44 10.3M
Build signed release APK	Setup Flutter	2025-12-01T00:36:14.9908186Z  19 1372M   19  268M    0     0  10.6M      0  0:02:08  0:00:25  0:01:43 10.6M
Build signed release APK	Setup Flutter	2025-12-01T00:36:15.9908127Z  20 1372M   20  278M    0     0  10.6M      0  0:02:08  0:00:26  0:01:42 10.4M
Build signed release APK	Setup Flutter	2025-12-01T00:36:16.9894688Z  21 1372M   21  289M    0     0  10.6M      0  0:02:08  0:00:27  0:01:41 10.3M
Build signed release APK	Setup Flutter	2025-12-01T00:36:17.9903112Z  21 1372M   21  299M    0     0  10.6M      0  0:02:08  0:00:28  0:01:40 10.5M
Build signed release APK	Setup Flutter	2025-12-01T00:36:18.9940711Z  22 1372M   22  310M    0     0  10.6M      0  0:02:08  0:00:29  0:01:39 10.6M
Build signed release APK	Setup Flutter	2025-12-01T00:36:19.9902201Z  23 1372M   23  320M    0     0  10.6M      0  0:02:08  0:00:30  0:01:38 10.4M
Build signed release APK	Setup Flutter	2025-12-01T00:36:20.9955616Z  24 1372M   24  330M    0     0  10.6M      0  0:02:08  0:00:31  0:01:37 10.4M
Build signed release APK	Setup Flutter	2025-12-01T00:36:21.9947980Z  24 1372M   24  341M    0     0  10.6M      0  0:02:08  0:00:32  0:01:36 10.5M
Build signed release APK	Setup Flutter	2025-12-01T00:36:22.9947236Z  25 1372M   25  352M    0     0  10.6M      0  0:02:08  0:00:33  0:01:35 10.5M
Build signed release APK	Setup Flutter	2025-12-01T00:36:23.9896239Z  26 1372M   26  361M    0     0  10.5M      0  0:02:09  0:00:34  0:01:35 10.1M
Build signed release APK	Setup Flutter	2025-12-01T00:36:24.9912404Z  27 1372M   27  371M    0     0  10.5M      0  0:02:09  0:00:35  0:01:34 10.1M
Build signed release APK	Setup Flutter	2025-12-01T00:36:26.0052622Z  27 1372M   27  381M    0     0  10.5M      0  0:02:09  0:00:36  0:01:33 10.0M
Build signed release APK	Setup Flutter	2025-12-01T00:36:26.9897632Z  28 1372M   28  392M    0     0  10.5M      0  0:02:09  0:00:37  0:01:32 10.1M
Build signed release APK	Setup Flutter	2025-12-01T00:36:27.9926894Z  29 1372M   29  402M    0     0  10.5M      0  0:02:09  0:00:38  0:01:31 10.1M
Build signed release APK	Setup Flutter	2025-12-01T00:36:28.9896411Z  30 1372M   30  413M    0     0  10.5M      0  0:02:09  0:00:39  0:01:30 10.4M
Build signed release APK	Setup Flutter	2025-12-01T00:36:29.9899665Z  30 1372M   30  424M    0     0  10.5M      0  0:02:09  0:00:40  0:01:29 10.6M
Build signed release APK	Setup Flutter	2025-12-01T00:36:30.9953827Z  31 1372M   31  435M    0     0  10.5M      0  0:02:09  0:00:41  0:01:28 10.8M
Build signed release APK	Setup Flutter	2025-12-01T00:36:31.9918130Z  32 1372M   32  446M    0     0  10.6M      0  0:02:09  0:00:42  0:01:27 10.8M
Build signed release APK	Setup Flutter	2025-12-01T00:36:32.9904667Z  33 1372M   33  457M    0     0  10.6M      0  0:02:09  0:00:43  0:01:26 10.8M
Build signed release APK	Setup Flutter	2025-12-01T00:36:33.9915574Z  34 1372M   34  468M    0     0  10.6M      0  0:02:09  0:00:44  0:01:25 10.9M
Build signed release APK	Setup Flutter	2025-12-01T00:36:34.9959976Z  34 1372M   34  478M    0     0  10.6M      0  0:02:09  0:00:45  0:01:24 10.8M
Build signed release APK	Setup Flutter	2025-12-01T00:36:35.9935874Z  35 1372M   35  488M    0     0  10.5M      0  0:02:09  0:00:46  0:01:23 10.5M
Build signed release APK	Setup Flutter	2025-12-01T00:36:36.9998678Z  36 1372M   36  498M    0     0  10.5M      0  0:02:09  0:00:47  0:01:22 10.4M
Build signed release APK	Setup Flutter	2025-12-01T00:36:37.9959991Z  37 1372M   37  508M    0     0  10.5M      0  0:02:09  0:00:48  0:01:21 10.3M
Build signed release APK	Setup Flutter	2025-12-01T00:36:38.9935878Z  37 1372M   37  519M    0     0  10.5M      0  0:02:09  0:00:49  0:01:20 10.2M
Build signed release APK	Setup Flutter	2025-12-01T00:36:39.9936576Z  38 1372M   38  529M    0     0  10.5M      0  0:02:09  0:00:50  0:01:19 10.0M
Build signed release APK	Setup Flutter	2025-12-01T00:36:41.0028056Z  39 1372M   39  539M    0     0  10.5M      0  0:02:10  0:00:51  0:01:19 10.2M
Build signed release APK	Setup Flutter	2025-12-01T00:36:41.9937884Z  40 1372M   40  549M    0     0  10.5M      0  0:02:10  0:00:52  0:01:18 10.1M
Build signed release APK	Setup Flutter	2025-12-01T00:36:42.9912097Z  40 1372M   40  560M    0     0  10.5M      0  0:02:10  0:00:53  0:01:17 10.3M
Build signed release APK	Setup Flutter	2025-12-01T00:36:43.9900711Z  41 1372M   41  570M    0     0  10.5M      0  0:02:10  0:00:54  0:01:16 10.2M
Build signed release APK	Setup Flutter	2025-12-01T00:36:44.9916664Z  42 1372M   42  581M    0     0  10.5M      0  0:02:10  0:00:55  0:01:15 10.4M
Build signed release APK	Setup Flutter	2025-12-01T00:36:45.9909568Z  43 1372M   43  591M    0     0  10.5M      0  0:02:10  0:00:56  0:01:14 10.5M
Build signed release APK	Setup Flutter	2025-12-01T00:36:46.9898533Z  43 1372M   43  602M    0     0  10.5M      0  0:02:10  0:00:57  0:01:13 10.6M
Build signed release APK	Setup Flutter	2025-12-01T00:36:47.9924703Z  44 1372M   44  613M    0     0  10.5M      0  0:02:09  0:00:58  0:01:11 10.6M
Build signed release APK	Setup Flutter	2025-12-01T00:36:48.9898655Z  45 1372M   45  624M    0     0  10.5M      0  0:02:09  0:00:59  0:01:10 10.7M
Build signed release APK	Setup Flutter	2025-12-01T00:36:49.9945564Z  46 1372M   46  635M    0     0  10.5M      0  0:02:09  0:01:00  0:01:09 10.8M
Build signed release APK	Setup Flutter	2025-12-01T00:36:50.9933644Z  47 1372M   47  646M    0     0  10.5M      0  0:02:09  0:01:01  0:01:08 10.9M
Build signed release APK	Setup Flutter	2025-12-01T00:36:51.9914203Z  47 1372M   47  657M    0     0  10.5M      0  0:02:09  0:01:02  0:01:07 10.8M
Build signed release APK	Setup Flutter	2025-12-01T00:36:52.9900035Z  48 1372M   48  667M    0     0  10.5M      0  0:02:09  0:01:03  0:01:06 10.7M
Build signed release APK	Setup Flutter	2025-12-01T00:36:53.9940686Z  49 1372M   49  678M    0     0  10.5M      0  0:02:09  0:01:04  0:01:05 10.6M
Build signed release APK	Setup Flutter	2025-12-01T00:36:54.9915631Z  50 1372M   50  688M    0     0  10.5M      0  0:02:09  0:01:05  0:01:04 10.5M
Build signed release APK	Setup Flutter	2025-12-01T00:36:55.9920001Z  50 1372M   50  699M    0     0  10.5M      0  0:02:09  0:01:06  0:01:03 10.5M
Build signed release APK	Setup Flutter	2025-12-01T00:36:56.9901892Z  51 1372M   51  710M    0     0  10.5M      0  0:02:09  0:01:07  0:01:02 10.5M
Build signed release APK	Setup Flutter	2025-12-01T00:36:57.9938002Z  52 1372M   52  720M    0     0  10.5M      0  0:02:09  0:01:08  0:01:01 10.6M
Build signed release APK	Setup Flutter	2025-12-01T00:36:58.9923471Z  53 1372M   53  730M    0     0  10.5M      0  0:02:09  0:01:09  0:01:00 10.5M
Build signed release APK	Setup Flutter	2025-12-01T00:36:59.9936792Z  54 1372M   54  742M    0     0  10.5M      0  0:02:09  0:01:10  0:00:59 10.8M
Build signed release APK	Setup Flutter	2025-12-01T00:37:00.9900703Z  54 1372M   54  753M    0     0  10.5M      0  0:02:09  0:01:11  0:00:58 10.8M
Build signed release APK	Setup Flutter	2025-12-01T00:37:01.9919759Z  55 1372M   55  764M    0     0  10.6M      0  0:02:09  0:01:12  0:00:57 10.8M
Build signed release APK	Setup Flutter	2025-12-01T00:37:02.9908301Z  56 1372M   56  775M    0     0  10.6M      0  0:02:09  0:01:13  0:00:56 10.8M
Build signed release APK	Setup Flutter	2025-12-01T00:37:03.9903360Z  57 1372M   57  786M    0     0  10.6M      0  0:02:09  0:01:14  0:00:55 11.0M
Build signed release APK	Setup Flutter	2025-12-01T00:37:04.9909019Z  58 1372M   58  796M    0     0  10.6M      0  0:02:09  0:01:15  0:00:54 10.8M
Build signed release APK	Setup Flutter	2025-12-01T00:37:05.9914103Z  58 1372M   58  807M    0     0  10.6M      0  0:02:09  0:01:16  0:00:53 10.7M
Build signed release APK	Setup Flutter	2025-12-01T00:37:06.9924910Z  59 1372M   59  817M    0     0  10.6M      0  0:02:09  0:01:17  0:00:52 10.6M
Build signed release APK	Setup Flutter	2025-12-01T00:37:07.9920513Z  60 1372M   60  828M    0     0  10.6M      0  0:02:09  0:01:18  0:00:51 10.6M
Build signed release APK	Setup Flutter	2025-12-01T00:37:08.9948691Z  61 1372M   61  838M    0     0  10.6M      0  0:02:09  0:01:19  0:00:50 10.5M
Build signed release APK	Setup Flutter	2025-12-01T00:37:09.9937421Z  61 1372M   61  849M    0     0  10.6M      0  0:02:09  0:01:20  0:00:49 10.6M
Build signed release APK	Setup Flutter	2025-12-01T00:37:10.9904089Z  62 1372M   62  860M    0     0  10.6M      0  0:02:09  0:01:21  0:00:48 10.7M
Build signed release APK	Setup Flutter	2025-12-01T00:37:11.9927615Z  63 1372M   63  871M    0     0  10.6M      0  0:02:09  0:01:22  0:00:47 10.8M
Build signed release APK	Setup Flutter	2025-12-01T00:37:12.9904784Z  64 1372M   64  882M    0     0  10.6M      0  0:02:09  0:01:23  0:00:46 10.8M
Build signed release APK	Setup Flutter	2025-12-01T00:37:13.9941467Z  65 1372M   65  892M    0     0  10.6M      0  0:02:09  0:01:24  0:00:45 10.7M
Build signed release APK	Setup Flutter	2025-12-01T00:37:14.9898535Z  65 1372M   65  903M    0     0  10.6M      0  0:02:09  0:01:25  0:00:44 10.6M
Build signed release APK	Setup Flutter	2025-12-01T00:37:15.9902938Z  66 1372M   66  914M    0     0  10.6M      0  0:02:09  0:01:26  0:00:43 10.6M
Build signed release APK	Setup Flutter	2025-12-01T00:37:16.9939654Z  67 1372M   67  924M    0     0  10.6M      0  0:02:09  0:01:27  0:00:42 10.6M
Build signed release APK	Setup Flutter	2025-12-01T00:37:17.9954501Z  68 1372M   68  934M    0     0  10.6M      0  0:02:09  0:01:28  0:00:41 10.4M
Build signed release APK	Setup Flutter	2025-12-01T00:37:18.9900471Z  68 1372M   68  945M    0     0  10.6M      0  0:02:09  0:01:29  0:00:40 10.5M
Build signed release APK	Setup Flutter	2025-12-01T00:37:19.9934127Z  69 1372M   69  956M    0     0  10.6M      0  0:02:09  0:01:30  0:00:39 10.6M
Build signed release APK	Setup Flutter	2025-12-01T00:37:20.9954800Z  70 1372M   70  967M    0     0  10.6M      0  0:02:09  0:01:31  0:00:38 10.6M
Build signed release APK	Setup Flutter	2025-12-01T00:37:21.9947619Z  71 1372M   71  978M    0     0  10.6M      0  0:02:09  0:01:32  0:00:37 10.7M
Build signed release APK	Setup Flutter	2025-12-01T00:37:22.9944361Z  72 1372M   72  989M    0     0  10.6M      0  0:02:09  0:01:33  0:00:36 10.8M
Build signed release APK	Setup Flutter	2025-12-01T00:37:23.9903203Z  72 1372M   72  999M    0     0  10.6M      0  0:02:09  0:01:34  0:00:35 10.8M
Build signed release APK	Setup Flutter	2025-12-01T00:37:24.9925786Z  73 1372M   73 1010M    0     0  10.6M      0  0:02:09  0:01:35  0:00:34 10.9M
Build signed release APK	Setup Flutter	2025-12-01T00:37:25.9930149Z  74 1372M   74 1021M    0     0  10.6M      0  0:02:09  0:01:36  0:00:33 10.8M
Build signed release APK	Setup Flutter	2025-12-01T00:37:26.9913813Z  75 1372M   75 1032M    0     0  10.6M      0  0:02:09  0:01:37  0:00:32 10.7M
Build signed release APK	Setup Flutter	2025-12-01T00:37:27.9932704Z  76 1372M   76 1043M    0     0  10.6M      0  0:02:09  0:01:38  0:00:31 10.8M
Build signed release APK	Setup Flutter	2025-12-01T00:37:28.9904776Z  76 1372M   76 1054M    0     0  10.6M      0  0:02:08  0:01:39  0:00:29 11.0M
Build signed release APK	Setup Flutter	2025-12-01T00:37:29.9922143Z  77 1372M   77 1064M    0     0  10.6M      0  0:02:09  0:01:40  0:00:29 10.8M
Build signed release APK	Setup Flutter	2025-12-01T00:37:30.9900647Z  78 1372M   78 1075M    0     0  10.6M      0  0:02:08  0:01:41  0:00:27 10.8M
Build signed release APK	Setup Flutter	2025-12-01T00:37:31.9917396Z  79 1372M   79 1086M    0     0  10.6M      0  0:02:08  0:01:42  0:00:26 10.9M
Build signed release APK	Setup Flutter	2025-12-01T00:37:32.9928120Z  79 1372M   79 1098M    0     0  10.6M      0  0:02:08  0:01:43  0:00:25 10.9M
Build signed release APK	Setup Flutter	2025-12-01T00:37:33.9901147Z  80 1372M   80 1109M    0     0  10.6M      0  0:02:08  0:01:44  0:00:24 10.8M
Build signed release APK	Setup Flutter	2025-12-01T00:37:34.9917410Z  81 1372M   81 1119M    0     0  10.6M      0  0:02:08  0:01:45  0:00:23 11.0M
Build signed release APK	Setup Flutter	2025-12-01T00:37:35.9927619Z  82 1372M   82 1130M    0     0  10.6M      0  0:02:08  0:01:46  0:00:22 11.0M
Build signed release APK	Setup Flutter	2025-12-01T00:37:36.9960933Z  83 1372M   83 1142M    0     0  10.6M      0  0:02:08  0:01:47  0:00:21 11.0M
Build signed release APK	Setup Flutter	2025-12-01T00:37:37.9916827Z  84 1372M   84 1153M    0     0  10.6M      0  0:02:08  0:01:48  0:00:20 11.0M
Build signed release APK	Setup Flutter	2025-12-01T00:37:38.9900318Z  84 1372M   84 1164M    0     0  10.6M      0  0:02:08  0:01:49  0:00:19 11.1M
Build signed release APK	Setup Flutter	2025-12-01T00:37:39.9912848Z  85 1372M   85 1174M    0     0  10.6M      0  0:02:08  0:01:50  0:00:18 10.9M
Build signed release APK	Setup Flutter	2025-12-01T00:37:40.9988852Z  86 1372M   86 1185M    0     0  10.6M      0  0:02:08  0:01:51  0:00:17 10.8M
Build signed release APK	Setup Flutter	2025-12-01T00:37:41.9905015Z  87 1372M   87 1195M    0     0  10.6M      0  0:02:08  0:01:52  0:00:16 10.6M
Build signed release APK	Setup Flutter	2025-12-01T00:37:42.9910277Z  87 1372M   87 1205M    0     0  10.6M      0  0:02:08  0:01:53  0:00:15 10.3M
Build signed release APK	Setup Flutter	2025-12-01T00:37:43.9957779Z  88 1372M   88 1215M    0     0  10.6M      0  0:02:08  0:01:54  0:00:14 10.1M
Build signed release APK	Setup Flutter	2025-12-01T00:37:44.9907708Z  89 1372M   89 1226M    0     0  10.6M      0  0:02:08  0:01:55  0:00:13 10.3M
Build signed release APK	Setup Flutter	2025-12-01T00:37:45.9929002Z  90 1372M   90 1238M    0     0  10.6M      0  0:02:08  0:01:56  0:00:12 10.6M
Build signed release APK	Setup Flutter	2025-12-01T00:37:46.9902304Z  90 1372M   90 1248M    0     0  10.6M      0  0:02:08  0:01:57  0:00:11 10.5M
Build signed release APK	Setup Flutter	2025-12-01T00:37:47.9939154Z  91 1372M   91 1257M    0     0  10.6M      0  0:02:08  0:01:58  0:00:10 10.5M
Build signed release APK	Setup Flutter	2025-12-01T00:37:48.9908947Z  92 1372M   92 1268M    0     0  10.6M      0  0:02:08  0:01:59  0:00:09 10.5M
Build signed release APK	Setup Flutter	2025-12-01T00:37:49.9934166Z  93 1372M   93 1279M    0     0  10.6M      0  0:02:08  0:02:00  0:00:08 10.5M
Build signed release APK	Setup Flutter	2025-12-01T00:37:50.9907351Z  93 1372M   93 1289M    0     0  10.6M      0  0:02:08  0:02:01  0:00:07 10.2M
Build signed release APK	Setup Flutter	2025-12-01T00:37:52.0154628Z  94 1372M   94 1300M    0     0  10.6M      0  0:02:08  0:02:02  0:00:06 10.4M
Build signed release APK	Setup Flutter	2025-12-01T00:37:52.9904511Z  95 1372M   95 1311M    0     0  10.6M      0  0:02:08  0:02:03  0:00:05 10.6M
Build signed release APK	Setup Flutter	2025-12-01T00:37:53.9903339Z  96 1372M   96 1320M    0     0  10.6M      0  0:02:09  0:02:04  0:00:05 10.3M
Build signed release APK	Setup Flutter	2025-12-01T00:37:54.9910541Z  96 1372M   96 1330M    0     0  10.6M      0  0:02:09  0:02:05  0:00:04 10.1M
Build signed release APK	Setup Flutter	2025-12-01T00:37:55.9964507Z  97 1372M   97 1340M    0     0  10.6M      0  0:02:09  0:02:06  0:00:03 10.2M
Build signed release APK	Setup Flutter	2025-12-01T00:37:56.9915774Z  98 1372M   98 1351M    0     0  10.6M      0  0:02:09  0:02:07  0:00:02 10.1M
Build signed release APK	Setup Flutter	2025-12-01T00:37:57.9738068Z  99 1372M   99 1362M    0     0  10.6M      0  0:02:09  0:02:08  0:00:01 10.2M
Build signed release APK	Setup Flutter	2025-12-01T00:37:57.9738770Z 100 1372M  100 1372M    0     0  10.6M      0  0:02:09  0:02:09 --:--:-- 10.5M
Build signed release APK	Verify keystore secrets	∩╗┐2025-12-01T00:38:47.6909186Z ##[group]Run if [ -z "***" ]; then
Build signed release APK	Verify keystore secrets	2025-12-01T00:38:47.6928239Z [36;1mif [ -z "***" ]; then[0m
Build signed release APK	Verify keystore secrets	2025-12-01T00:38:47.6928706Z [36;1m  echo "##[warning]KEYSTORE_BASE64 secret is not set ΓÇö this job will fail later unless you add it.";[0m
Build signed release APK	Verify keystore secrets	2025-12-01T00:38:47.6929135Z [36;1mfi[0m
Build signed release APK	Verify keystore secrets	2025-12-01T00:38:47.6962882Z shell: /usr/bin/bash -e {0}
Build signed release APK	Verify keystore secrets	2025-12-01T00:38:47.6963130Z env:
Build signed release APK	Verify keystore secrets	2025-12-01T00:38:47.6963314Z   FLUTTER_VERSION: 3.35.6
Build signed release APK	Verify keystore secrets	2025-12-01T00:38:47.6963615Z   JAVA_HOME: /opt/hostedtoolcache/Java_Zulu_jdk/17.0.17-10/x64
Build signed release APK	Verify keystore secrets	2025-12-01T00:38:47.6964000Z   JAVA_HOME_17_X64: /opt/hostedtoolcache/Java_Zulu_jdk/17.0.17-10/x64
Build signed release APK	Verify keystore secrets	2025-12-01T00:38:47.6964384Z   FLUTTER_ROOT: /opt/hostedtoolcache/flutter/stable-3.35.6-x64
Build signed release APK	Verify keystore secrets	2025-12-01T00:38:47.6964707Z   PUB_CACHE: /home/runner/.pub-cache
Build signed release APK	Verify keystore secrets	2025-12-01T00:38:47.6964953Z ##[endgroup]
Build signed release APK	Restore keystore file from secret	∩╗┐2025-12-01T00:38:47.7081479Z ##[group]Run echo "Writing keystore to ***-production.keystore"
Build signed release APK	Restore keystore file from secret	2025-12-01T00:38:47.7082321Z [36;1mecho "Writing keystore to ***-production.keystore"[0m
Build signed release APK	Restore keystore file from secret	2025-12-01T00:38:47.7082812Z [36;1mecho "$KEYSTORE_BASE64" | base64 --decode > ***-production.keystore[0m
Build signed release APK	Restore keystore file from secret	2025-12-01T00:38:47.7111538Z shell: /usr/bin/bash -e {0}
Build signed release APK	Restore keystore file from secret	2025-12-01T00:38:47.7111888Z env:
Build signed release APK	Restore keystore file from secret	2025-12-01T00:38:47.7112071Z   FLUTTER_VERSION: 3.35.6
Build signed release APK	Restore keystore file from secret	2025-12-01T00:38:47.7112390Z   JAVA_HOME: /opt/hostedtoolcache/Java_Zulu_jdk/17.0.17-10/x64
Build signed release APK	Restore keystore file from secret	2025-12-01T00:38:47.7112790Z   JAVA_HOME_17_X64: /opt/hostedtoolcache/Java_Zulu_jdk/17.0.17-10/x64
Build signed release APK	Restore keystore file from secret	2025-12-01T00:38:47.7113181Z   FLUTTER_ROOT: /opt/hostedtoolcache/flutter/stable-3.35.6-x64
Build signed release APK	Restore keystore file from secret	2025-12-01T00:38:47.7113503Z   PUB_CACHE: /home/runner/.pub-cache
Build signed release APK	Restore keystore file from secret	2025-12-01T00:38:47.7132201Z   KEYSTORE_BASE64: ***
Build signed release APK	Restore keystore file from secret	2025-12-01T00:38:47.7132424Z ##[endgroup]
Build signed release APK	Restore keystore file from secret	2025-12-01T00:38:47.7180469Z Writing keystore to ***-production.keystore
Build signed release APK	Create android/key.properties using secrets	∩╗┐2025-12-01T00:38:47.7238855Z ##[group]Run mkdir -p android
Build signed release APK	Create android/key.properties using secrets	2025-12-01T00:38:47.7239149Z [36;1mmkdir -p android[0m
Build signed release APK	Create android/key.properties using secrets	2025-12-01T00:38:47.7239401Z [36;1mcat > android/key.properties <<EOF[0m
Build signed release APK	Create android/key.properties using secrets	2025-12-01T00:38:47.7239687Z [36;1mstorePassword=$KEYSTORE_PASSWORD[0m
Build signed release APK	Create android/key.properties using secrets	2025-12-01T00:38:47.7239958Z [36;1mkeyPassword=$KEY_PASSWORD[0m
Build signed release APK	Create android/key.properties using secrets	2025-12-01T00:38:47.7240212Z [36;1mkeyAlias=$KEY_ALIAS[0m
Build signed release APK	Create android/key.properties using secrets	2025-12-01T00:38:47.7240554Z [36;1mstoreFile=../***-production.keystore[0m
Build signed release APK	Create android/key.properties using secrets	2025-12-01T00:38:47.7240815Z [36;1mEOF[0m
Build signed release APK	Create android/key.properties using secrets	2025-12-01T00:38:47.7269487Z shell: /usr/bin/bash -e {0}
Build signed release APK	Create android/key.properties using secrets	2025-12-01T00:38:47.7269719Z env:
Build signed release APK	Create android/key.properties using secrets	2025-12-01T00:38:47.7269904Z   FLUTTER_VERSION: 3.35.6
Build signed release APK	Create android/key.properties using secrets	2025-12-01T00:38:47.7270196Z   JAVA_HOME: /opt/hostedtoolcache/Java_Zulu_jdk/17.0.17-10/x64
Build signed release APK	Create android/key.properties using secrets	2025-12-01T00:38:47.7270589Z   JAVA_HOME_17_X64: /opt/hostedtoolcache/Java_Zulu_jdk/17.0.17-10/x64
Build signed release APK	Create android/key.properties using secrets	2025-12-01T00:38:47.7270972Z   FLUTTER_ROOT: /opt/hostedtoolcache/flutter/stable-3.35.6-x64
Build signed release APK	Create android/key.properties using secrets	2025-12-01T00:38:47.7271297Z   PUB_CACHE: /home/runner/.pub-cache
Build signed release APK	Create android/key.properties using secrets	2025-12-01T00:38:47.7271766Z   KEY_ALIAS: ***
Build signed release APK	Create android/key.properties using secrets	2025-12-01T00:38:47.7272065Z   KEYSTORE_PASSWORD: ***
Build signed release APK	Create android/key.properties using secrets	2025-12-01T00:38:47.7272304Z   KEY_PASSWORD: ***
Build signed release APK	Create android/key.properties using secrets	2025-12-01T00:38:47.7272502Z ##[endgroup]
Build signed release APK	Get dependencies	∩╗┐2025-12-01T00:38:47.7364284Z ##[group]Run flutter pub get
Build signed release APK	Get dependencies	2025-12-01T00:38:47.7364570Z [36;1mflutter pub get[0m
Build signed release APK	Get dependencies	2025-12-01T00:38:47.7393447Z shell: /usr/bin/bash -e {0}
Build signed release APK	Get dependencies	2025-12-01T00:38:47.7393691Z env:
Build signed release APK	Get dependencies	2025-12-01T00:38:47.7393876Z   FLUTTER_VERSION: 3.35.6
Build signed release APK	Get dependencies	2025-12-01T00:38:47.7394162Z   JAVA_HOME: /opt/hostedtoolcache/Java_Zulu_jdk/17.0.17-10/x64
Build signed release APK	Get dependencies	2025-12-01T00:38:47.7394556Z   JAVA_HOME_17_X64: /opt/hostedtoolcache/Java_Zulu_jdk/17.0.17-10/x64
Build signed release APK	Get dependencies	2025-12-01T00:38:47.7394936Z   FLUTTER_ROOT: /opt/hostedtoolcache/flutter/stable-3.35.6-x64
Build signed release APK	Get dependencies	2025-12-01T00:38:47.7395255Z   PUB_CACHE: /home/runner/.pub-cache
Build signed release APK	Get dependencies	2025-12-01T00:38:47.7395492Z ##[endgroup]
Build signed release APK	Get dependencies	2025-12-01T00:38:52.5273828Z Resolving dependencies...
Build signed release APK	Get dependencies	2025-12-01T00:38:54.4605206Z Downloading packages...
Build signed release APK	Get dependencies	2025-12-01T00:39:05.5963330Z   _fe_analyzer_shared 85.0.0 (92.0.0 available)
Build signed release APK	Get dependencies	2025-12-01T00:39:05.5963894Z   _flutterfire_internals 1.3.35 (1.3.64 available)
Build signed release APK	Get dependencies	2025-12-01T00:39:05.5964354Z   analyzer 7.7.1 (9.0.0 available)
Build signed release APK	Get dependencies	2025-12-01T00:39:05.5964778Z   android_intent_plus 5.3.1 (6.0.0 available)
Build signed release APK	Get dependencies	2025-12-01T00:39:05.5965259Z   app_links 6.4.1 (7.0.0 available)
Build signed release APK	Get dependencies	2025-12-01T00:39:05.5965649Z   audio_session 0.1.25 (0.2.2 available)
Build signed release APK	Get dependencies	2025-12-01T00:39:05.5966355Z   build 2.5.4 (4.0.3 available)
Build signed release APK	Get dependencies	2025-12-01T00:39:05.5966757Z   build_config 1.1.2 (1.2.0 available)
Build signed release APK	Get dependencies	2025-12-01T00:39:05.5967045Z   build_resolvers 2.5.4 (3.0.4 available)
Build signed release APK	Get dependencies	2025-12-01T00:39:05.5967299Z   build_runner 2.5.4 (2.10.4 available)
Build signed release APK	Get dependencies	2025-12-01T00:39:05.5967557Z   build_runner_core 9.1.2 (9.3.2 available)
Build signed release APK	Get dependencies	2025-12-01T00:39:05.5967816Z   characters 1.4.0 (1.4.1 available)
Build signed release APK	Get dependencies	2025-12-01T00:39:05.5968070Z   connectivity_plus 6.1.5 (7.0.0 available)
Build signed release APK	Get dependencies	2025-12-01T00:39:05.5968317Z   dart_style 3.1.1 (3.1.3 available)
Build signed release APK	Get dependencies	2025-12-01T00:39:05.5968571Z   device_info_plus 10.1.2 (12.3.0 available)
Build signed release APK	Get dependencies	2025-12-01T00:39:05.5968833Z   firebase_core 2.32.0 (4.2.1 available)
Build signed release APK	Get dependencies	2025-12-01T00:39:05.5969130Z   firebase_core_platform_interface 5.4.2 (6.0.2 available)
Build signed release APK	Get dependencies	2025-12-01T00:39:05.5969448Z   firebase_core_web 2.24.0 (3.3.0 available)
Build signed release APK	Get dependencies	2025-12-01T00:39:05.5969717Z   firebase_messaging 14.7.10 (16.0.4 available)
Build signed release APK	Get dependencies	2025-12-01T00:39:05.5970055Z   firebase_messaging_platform_interface 4.5.37 (4.7.4 available)
Build signed release APK	Get dependencies	2025-12-01T00:39:05.5970432Z   firebase_messaging_web 3.5.18 (4.1.0 available)
Build signed release APK	Get dependencies	2025-12-01T00:39:05.5970702Z   fl_chart 0.66.2 (1.1.1 available)
Build signed release APK	Get dependencies	2025-12-01T00:39:05.5970937Z   flutter_lints 2.0.3 (6.0.0 available)
Build signed release APK	Get dependencies	2025-12-01T00:39:05.5971220Z   flutter_local_notifications 17.2.4 (19.5.0 available)
Build signed release APK	Get dependencies	2025-12-01T00:39:05.5971834Z   flutter_local_notifications_linux 4.0.1 (6.0.0 available)
Build signed release APK	Get dependencies	2025-12-01T00:39:05.5972264Z   flutter_local_notifications_platform_interface 7.2.0 (9.1.0 available)
Build signed release APK	Get dependencies	2025-12-01T00:39:05.5972610Z   flutter_map 7.0.2 (8.2.2 available)
Build signed release APK	Get dependencies	2025-12-01T00:39:05.5972874Z   flutter_secure_storage 8.1.0 (9.2.4 available)
Build signed release APK	Get dependencies	2025-12-01T00:39:05.5973177Z   flutter_secure_storage_linux 1.2.3 (2.0.1 available)
Build signed release APK	Get dependencies	2025-12-01T00:39:05.5973487Z   flutter_secure_storage_macos 3.1.3 (4.0.0 available)
Build signed release APK	Get dependencies	2025-12-01T00:39:05.5973824Z   flutter_secure_storage_platform_interface 1.1.2 (2.0.1 available)
Build signed release APK	Get dependencies	2025-12-01T00:39:05.5974178Z   flutter_secure_storage_web 1.2.1 (2.0.0 available)
Build signed release APK	Get dependencies	2025-12-01T00:39:05.5974493Z   flutter_secure_storage_windows 2.1.1 (4.0.0 available)
Build signed release APK	Get dependencies	2025-12-01T00:39:05.5974777Z   freezed 2.5.8 (3.2.3 available)
Build signed release APK	Get dependencies	2025-12-01T00:39:05.5975020Z   freezed_annotation 2.4.4 (3.1.0 available)
Build signed release APK	Get dependencies	2025-12-01T00:39:05.5975318Z   gql_dedupe_link 2.0.4-alpha+1715521079596 (4.0.0 available)
Build signed release APK	Get dependencies	2025-12-01T00:39:05.5975614Z   intl 0.17.0 (0.20.2 available)
Build signed release APK	Get dependencies	2025-12-01T00:39:05.5975839Z   js 0.6.7 (0.7.2 available)
Build signed release APK	Get dependencies	2025-12-01T00:39:05.5976067Z   json_serializable 6.9.5 (6.11.3 available)
Build signed release APK	Get dependencies	2025-12-01T00:39:05.5976325Z   just_audio 0.9.46 (0.10.5 available)
Build signed release APK	Get dependencies	2025-12-01T00:39:05.5976726Z   lints 2.1.1 (6.0.0 available)
Build signed release APK	Get dependencies	2025-12-01T00:39:05.5977106Z   matcher 0.12.17 (0.12.18 available)
Build signed release APK	Get dependencies	2025-12-01T00:39:05.5977493Z   material_color_utilities 0.11.1 (0.13.0 available)
Build signed release APK	Get dependencies	2025-12-01T00:39:05.5977758Z   meta 1.16.0 (1.17.0 available)
Build signed release APK	Get dependencies	2025-12-01T00:39:05.5977984Z   mgrs_dart 2.0.0 (3.0.0 available)
Build signed release APK	Get dependencies	2025-12-01T00:39:05.5978445Z   normalize 0.9.1 (0.10.0 available)
Build signed release APK	Get dependencies	2025-12-01T00:39:05.5978702Z   package_info_plus 8.3.1 (9.0.0 available)
Build signed release APK	Get dependencies	2025-12-01T00:39:05.5978987Z   permission_handler 11.4.0 (12.0.1 available)
Build signed release APK	Get dependencies	2025-12-01T00:39:05.5979288Z   permission_handler_android 12.1.0 (13.0.1 available)
Build signed release APK	Get dependencies	2025-12-01T00:39:05.5979573Z   proj4dart 2.1.0 (3.0.0 available)
Build signed release APK	Get dependencies	2025-12-01T00:39:05.5979809Z   rxdart 0.27.7 (0.28.0 available)
Build signed release APK	Get dependencies	2025-12-01T00:39:05.5980033Z   source_gen 2.0.0 (4.1.1 available)
Build signed release APK	Get dependencies	2025-12-01T00:39:05.5980269Z   source_helper 1.3.7 (1.3.9 available)
Build signed release APK	Get dependencies	2025-12-01T00:39:05.5980515Z   test_api 0.7.6 (0.7.8 available)
Build signed release APK	Get dependencies	2025-12-01T00:39:05.5980743Z   timezone 0.9.4 (0.10.1 available)
Build signed release APK	Get dependencies	2025-12-01T00:39:05.5980963Z   unicode 0.3.1 (1.1.8 available)
Build signed release APK	Get dependencies	2025-12-01T00:39:05.5981197Z   win32_registry 1.1.5 (2.1.0 available)
Build signed release APK	Get dependencies	2025-12-01T00:39:05.5981475Z Got dependencies!
Build signed release APK	Get dependencies	2025-12-01T00:39:05.5998735Z 57 packages have newer versions incompatible with dependency constraints.
Build signed release APK	Get dependencies	2025-12-01T00:39:05.5999490Z Try `flutter pub outdated` for more information.
Build signed release APK	Build signed release APK	∩╗┐2025-12-01T00:39:06.1774699Z ##[group]Run flutter build apk --release --target-platform android-arm,android-arm64
Build signed release APK	Build signed release APK	2025-12-01T00:39:06.1775488Z [36;1mflutter build apk --release --target-platform android-arm,android-arm64[0m
Build signed release APK	Build signed release APK	2025-12-01T00:39:06.1808140Z shell: /usr/bin/bash -e {0}
Build signed release APK	Build signed release APK	2025-12-01T00:39:06.1808378Z env:
Build signed release APK	Build signed release APK	2025-12-01T00:39:06.1808560Z   FLUTTER_VERSION: 3.35.6
Build signed release APK	Build signed release APK	2025-12-01T00:39:06.1808849Z   JAVA_HOME: /opt/hostedtoolcache/Java_Zulu_jdk/17.0.17-10/x64
Build signed release APK	Build signed release APK	2025-12-01T00:39:06.1809236Z   JAVA_HOME_17_X64: /opt/hostedtoolcache/Java_Zulu_jdk/17.0.17-10/x64
Build signed release APK	Build signed release APK	2025-12-01T00:39:06.1809625Z   FLUTTER_ROOT: /opt/hostedtoolcache/flutter/stable-3.35.6-x64
Build signed release APK	Build signed release APK	2025-12-01T00:39:06.1809956Z   PUB_CACHE: /home/runner/.pub-cache
Build signed release APK	Build signed release APK	2025-12-01T00:39:06.1810193Z ##[endgroup]
Build signed release APK	Build signed release APK	2025-12-01T00:39:06.5236599Z Resolving dependencies...
Build signed release APK	Build signed release APK	2025-12-01T00:39:07.2895944Z Downloading packages...
Build signed release APK	Build signed release APK	2025-12-01T00:39:07.4830181Z   _fe_analyzer_shared 85.0.0 (92.0.0 available)
Build signed release APK	Build signed release APK	2025-12-01T00:39:07.4830884Z   _flutterfire_internals 1.3.35 (1.3.64 available)
Build signed release APK	Build signed release APK	2025-12-01T00:39:07.4831486Z   analyzer 7.7.1 (9.0.0 available)
Build signed release APK	Build signed release APK	2025-12-01T00:39:07.4832247Z   android_intent_plus 5.3.1 (6.0.0 available)
Build signed release APK	Build signed release APK	2025-12-01T00:39:07.4832771Z   app_links 6.4.1 (7.0.0 available)
Build signed release APK	Build signed release APK	2025-12-01T00:39:07.4833226Z   audio_session 0.1.25 (0.2.2 available)
Build signed release APK	Build signed release APK	2025-12-01T00:39:07.4833682Z   build 2.5.4 (4.0.3 available)
Build signed release APK	Build signed release APK	2025-12-01T00:39:07.4834091Z   build_config 1.1.2 (1.2.0 available)
Build signed release APK	Build signed release APK	2025-12-01T00:39:07.4834553Z   build_resolvers 2.5.4 (3.0.4 available)
Build signed release APK	Build signed release APK	2025-12-01T00:39:07.4835014Z   build_runner 2.5.4 (2.10.4 available)
Build signed release APK	Build signed release APK	2025-12-01T00:39:07.4835486Z   build_runner_core 9.1.2 (9.3.2 available)
Build signed release APK	Build signed release APK	2025-12-01T00:39:07.4835953Z   characters 1.4.0 (1.4.1 available)
Build signed release APK	Build signed release APK	2025-12-01T00:39:07.4836433Z   connectivity_plus 6.1.5 (7.0.0 available)
Build signed release APK	Build signed release APK	2025-12-01T00:39:07.4836946Z   dart_style 3.1.1 (3.1.3 available)
Build signed release APK	Build signed release APK	2025-12-01T00:39:07.4837405Z   device_info_plus 10.1.2 (12.3.0 available)
Build signed release APK	Build signed release APK	2025-12-01T00:39:07.4837880Z   firebase_core 2.32.0 (4.2.1 available)
Build signed release APK	Build signed release APK	2025-12-01T00:39:07.4838424Z   firebase_core_platform_interface 5.4.2 (6.0.2 available)
Build signed release APK	Build signed release APK	2025-12-01T00:39:07.4839008Z   firebase_core_web 2.24.0 (3.3.0 available)
Build signed release APK	Build signed release APK	2025-12-01T00:39:07.4839508Z   firebase_messaging 14.7.10 (16.0.4 available)
Build signed release APK	Build signed release APK	2025-12-01T00:39:07.4840156Z   firebase_messaging_platform_interface 4.5.37 (4.7.4 available)
Build signed release APK	Build signed release APK	2025-12-01T00:39:07.4867139Z   firebase_messaging_web 3.5.18 (4.1.0 available)
Build signed release APK	Build signed release APK	2025-12-01T00:39:07.4867718Z   fl_chart 0.66.2 (1.1.1 available)
Build signed release APK	Build signed release APK	2025-12-01T00:39:07.4868192Z   flutter_lints 2.0.3 (6.0.0 available)
Build signed release APK	Build signed release APK	2025-12-01T00:39:07.4868736Z   flutter_local_notifications 17.2.4 (19.5.0 available)
Build signed release APK	Build signed release APK	2025-12-01T00:39:07.4869384Z   flutter_local_notifications_linux 4.0.1 (6.0.0 available)
Build signed release APK	Build signed release APK	2025-12-01T00:39:07.4870149Z   flutter_local_notifications_platform_interface 7.2.0 (9.1.0 available)
Build signed release APK	Build signed release APK	2025-12-01T00:39:07.4870821Z   flutter_map 7.0.2 (8.2.2 available)
Build signed release APK	Build signed release APK	2025-12-01T00:39:07.4871323Z   flutter_secure_storage 8.1.0 (9.2.4 available)
Build signed release APK	Build signed release APK	2025-12-01T00:39:07.4872155Z   flutter_secure_storage_linux 1.2.3 (2.0.1 available)
Build signed release APK	Build signed release APK	2025-12-01T00:39:07.4872771Z   flutter_secure_storage_macos 3.1.3 (4.0.0 available)
Build signed release APK	Build signed release APK	2025-12-01T00:39:07.4873449Z   flutter_secure_storage_platform_interface 1.1.2 (2.0.1 available)
Build signed release APK	Build signed release APK	2025-12-01T00:39:07.4874134Z   flutter_secure_storage_web 1.2.1 (2.0.0 available)
Build signed release APK	Build signed release APK	2025-12-01T00:39:07.4874733Z   flutter_secure_storage_windows 2.1.1 (4.0.0 available)
Build signed release APK	Build signed release APK	2025-12-01T00:39:07.4875276Z   freezed 2.5.8 (3.2.3 available)
Build signed release APK	Build signed release APK	2025-12-01T00:39:07.4875751Z   freezed_annotation 2.4.4 (3.1.0 available)
Build signed release APK	Build signed release APK	2025-12-01T00:39:07.4876331Z   gql_dedupe_link 2.0.4-alpha+1715521079596 (4.0.0 available)
Build signed release APK	Build signed release APK	2025-12-01T00:39:07.4876889Z   intl 0.17.0 (0.20.2 available)
Build signed release APK	Build signed release APK	2025-12-01T00:39:07.4877309Z   js 0.6.7 (0.7.2 available)
Build signed release APK	Build signed release APK	2025-12-01T00:39:07.4877747Z   json_serializable 6.9.5 (6.11.3 available)
Build signed release APK	Build signed release APK	2025-12-01T00:39:07.4878229Z   just_audio 0.9.46 (0.10.5 available)
Build signed release APK	Build signed release APK	2025-12-01T00:39:07.4878677Z   lints 2.1.1 (6.0.0 available)
Build signed release APK	Build signed release APK	2025-12-01T00:39:07.4879099Z   matcher 0.12.17 (0.12.18 available)
Build signed release APK	Build signed release APK	2025-12-01T00:39:07.4879607Z   material_color_utilities 0.11.1 (0.13.0 available)
Build signed release APK	Build signed release APK	2025-12-01T00:39:07.4880132Z   meta 1.16.0 (1.17.0 available)
Build signed release APK	Build signed release APK	2025-12-01T00:39:07.4881078Z   mgrs_dart 2.0.0 (3.0.0 available)
Build signed release APK	Build signed release APK	2025-12-01T00:39:07.4881961Z   normalize 0.9.1 (0.10.0 available)
Build signed release APK	Build signed release APK	2025-12-01T00:39:07.4882448Z   package_info_plus 8.3.1 (9.0.0 available)
Build signed release APK	Build signed release APK	2025-12-01T00:39:07.4882973Z   permission_handler 11.4.0 (12.0.1 available)
Build signed release APK	Build signed release APK	2025-12-01T00:39:07.4883541Z   permission_handler_android 12.1.0 (13.0.1 available)
Build signed release APK	Build signed release APK	2025-12-01T00:39:07.4884081Z   proj4dart 2.1.0 (3.0.0 available)
Build signed release APK	Build signed release APK	2025-12-01T00:39:07.4884536Z   rxdart 0.27.7 (0.28.0 available)
Build signed release APK	Build signed release APK	2025-12-01T00:39:07.4884970Z   source_gen 2.0.0 (4.1.1 available)
Build signed release APK	Build signed release APK	2025-12-01T00:39:07.4885426Z   source_helper 1.3.7 (1.3.9 available)
Build signed release APK	Build signed release APK	2025-12-01T00:39:07.4885870Z   test_api 0.7.6 (0.7.8 available)
Build signed release APK	Build signed release APK	2025-12-01T00:39:07.4886306Z   timezone 0.9.4 (0.10.1 available)
Build signed release APK	Build signed release APK	2025-12-01T00:39:07.4886735Z   unicode 0.3.1 (1.1.8 available)
Build signed release APK	Build signed release APK	2025-12-01T00:39:07.4887151Z   win32_registry 1.1.5 (2.1.0 available)
Build signed release APK	Build signed release APK	2025-12-01T00:39:07.4887599Z Got dependencies!
Build signed release APK	Build signed release APK	2025-12-01T00:39:07.4889745Z 57 packages have newer versions incompatible with dependency constraints.
Build signed release APK	Build signed release APK	2025-12-01T00:39:07.4890505Z Try `flutter pub outdated` for more information.
Build signed release APK	Build signed release APK	2025-12-01T00:41:39.9820998Z Running Gradle task 'assembleRelease'...                        
Build signed release APK	Build signed release APK	2025-12-01T00:41:39.9823174Z Checking the license for package NDK (Side by side) 27.0.12077973 in /usr/local/lib/android/sdk/licenses
Build signed release APK	Build signed release APK	2025-12-01T00:41:39.9828358Z License for package NDK (Side by side) 27.0.12077973 accepted.
Build signed release APK	Build signed release APK	2025-12-01T00:41:39.9830164Z Preparing "Install NDK (Side by side) 27.0.12077973 v.27.0.12077973".
Build signed release APK	Build signed release APK	2025-12-01T00:42:01.2701230Z "Install NDK (Side by side) 27.0.12077973 v.27.0.12077973" ready.
Build signed release APK	Build signed release APK	2025-12-01T00:42:01.2702938Z Installing NDK (Side by side) 27.0.12077973 in /usr/local/lib/android/sdk/ndk/27.0.12077973
Build signed release APK	Build signed release APK	2025-12-01T00:42:01.2709681Z "Install NDK (Side by side) 27.0.12077973 v.27.0.12077973" complete.
Build signed release APK	Build signed release APK	2025-12-01T00:42:01.3724840Z "Install NDK (Side by side) 27.0.12077973 v.27.0.12077973" finished.
Build signed release APK	Build signed release APK	2025-12-01T00:45:43.1713394Z Checking the license for package Android SDK Platform 33 in /usr/local/lib/android/sdk/licenses
Build signed release APK	Build signed release APK	2025-12-01T00:45:43.1721419Z License for package Android SDK Platform 33 accepted.
Build signed release APK	Build signed release APK	2025-12-01T00:45:43.1724032Z Preparing "Install Android SDK Platform 33 (revision 3)".
Build signed release APK	Build signed release APK	2025-12-01T00:45:46.3692747Z "Install Android SDK Platform 33 (revision 3)" ready.
Build signed release APK	Build signed release APK	2025-12-01T00:45:46.3694035Z Installing Android SDK Platform 33 in /usr/local/lib/android/sdk/platforms/android-33
Build signed release APK	Build signed release APK	2025-12-01T00:45:46.3696018Z "Install Android SDK Platform 33 (revision 3)" complete.
Build signed release APK	Build signed release APK	2025-12-01T00:45:46.3696617Z "Install Android SDK Platform 33 (revision 3)" finished.
Build signed release APK	Build signed release APK	2025-12-01T00:45:46.4692848Z Checking the license for package Android SDK Platform 31 in /usr/local/lib/android/sdk/licenses
Build signed release APK	Build signed release APK	2025-12-01T00:45:46.4693821Z License for package Android SDK Platform 31 accepted.
Build signed release APK	Build signed release APK	2025-12-01T00:45:46.4694474Z Preparing "Install Android SDK Platform 31 (revision 1)".
Build signed release APK	Build signed release APK	2025-12-01T00:45:49.4692380Z "Install Android SDK Platform 31 (revision 1)" ready.
Build signed release APK	Build signed release APK	2025-12-01T00:45:49.4693607Z Installing Android SDK Platform 31 in /usr/local/lib/android/sdk/platforms/android-31
Build signed release APK	Build signed release APK	2025-12-01T00:45:49.4695543Z "Install Android SDK Platform 31 (revision 1)" complete.
Build signed release APK	Build signed release APK	2025-12-01T00:45:49.4696223Z "Install Android SDK Platform 31 (revision 1)" finished.
Build signed release APK	Build signed release APK	2025-12-01T00:46:18.8780921Z Note: /home/runner/.pub-cache/hosted/pub.dev/android_intent_plus-5.3.1/android/src/main/java/dev/fluttercommunity/plus/androidintent/MethodCallHandlerImpl.java uses unchecked or unsafe operations.
Build signed release APK	Build signed release APK	2025-12-01T00:46:18.8783800Z Note: Recompile with -Xlint:unchecked for details.
Build signed release APK	Build signed release APK	2025-12-01T00:46:47.6693213Z Error detected in pubspec.yaml:
Build signed release APK	Build signed release APK	2025-12-01T00:46:47.6694469Z No file or variants found for asset: assets/agconnect-services.json.
Build signed release APK	Build signed release APK	2025-12-01T00:46:47.6695011Z 
Build signed release APK	Build signed release APK	2025-12-01T00:47:07.6692390Z Target aot_android_asset_bundle failed: Exception: Failed to bundle asset files.
Build signed release APK	Build signed release APK	2025-12-01T00:47:07.6694487Z 
Build signed release APK	Build signed release APK	2025-12-01T00:47:07.7694829Z 
Build signed release APK	Build signed release APK	2025-12-01T00:47:07.7698049Z FAILURE: Build failed with an exception.
Build signed release APK	Build signed release APK	2025-12-01T00:47:07.7702447Z 
Build signed release APK	Build signed release APK	2025-12-01T00:47:07.7703387Z * What went wrong:
Build signed release APK	Build signed release APK	2025-12-01T00:47:07.7703928Z Execution failed for task ':app:compileFlutterBuildRelease'.
Build signed release APK	Build signed release APK	2025-12-01T00:47:07.7705310Z > Process 'command '/opt/hostedtoolcache/flutter/stable-3.35.6-x64/bin/flutter'' finished with non-zero exit value 1
Build signed release APK	Build signed release APK	2025-12-01T00:47:07.7706029Z 
Build signed release APK	Build signed release APK	2025-12-01T00:47:07.7706159Z * Try:
Build signed release APK	Build signed release APK	2025-12-01T00:47:07.7706580Z > Run with --stacktrace option to get the stack trace.
Build signed release APK	Build signed release APK	2025-12-01T00:47:07.7707227Z > Run with --info or --debug option to get more log output.
Build signed release APK	Build signed release APK	2025-12-01T00:47:07.7707764Z > Run with --scan to get full insights.
Build signed release APK	Build signed release APK	2025-12-01T00:47:07.7708460Z > Get more help at https://help.gradle.org.
Build signed release APK	Build signed release APK	2025-12-01T00:47:07.7708741Z 
Build signed release APK	Build signed release APK	2025-12-01T00:47:07.7708832Z BUILD FAILED in 7m 59s
Build signed release APK	Build signed release APK	2025-12-01T00:47:08.2487647Z Running Gradle task 'assembleRelease'...                          480.1s
Build signed release APK	Build signed release APK	2025-12-01T00:47:08.2587595Z Gradle task assembleRelease failed with exit code 1
Build signed release APK	Build signed release APK	2025-12-01T00:47:08.2657290Z ##[error]Process completed with exit code 1.
Build signed release APK	Upload release APK artifact	∩╗┐2025-12-01T00:47:08.2720338Z ##[group]Run actions/upload-artifact@v4
Build signed release APK	Upload release APK artifact	2025-12-01T00:47:08.2720634Z with:
Build signed release APK	Upload release APK artifact	2025-12-01T00:47:08.2720846Z   name: gavra-release-apk-main
Build signed release APK	Upload release APK artifact	2025-12-01T00:47:08.2721523Z   path: build/app/outputs/flutter-apk/app-release.apk
Build signed release APK	Upload release APK artifact	build/app/outputs/flutter-apk/app-arm64-v8a-release.apk
Build signed release APK	Upload release APK artifact	build/app/outputs/flutter-apk/app-armeabi-v7a-release.apk
Build signed release APK	Upload release APK artifact	
Build signed release APK	Upload release APK artifact	2025-12-01T00:47:08.2722610Z   retention-days: 90
Build signed release APK	Upload release APK artifact	2025-12-01T00:47:08.2722828Z   if-no-files-found: warn
Build signed release APK	Upload release APK artifact	2025-12-01T00:47:08.2723048Z   compression-level: 6
Build signed release APK	Upload release APK artifact	2025-12-01T00:47:08.2723247Z   overwrite: false
Build signed release APK	Upload release APK artifact	2025-12-01T00:47:08.2723452Z   include-hidden-files: false
Build signed release APK	Upload release APK artifact	2025-12-01T00:47:08.2723671Z env:
Build signed release APK	Upload release APK artifact	2025-12-01T00:47:08.2723848Z   FLUTTER_VERSION: 3.35.6
Build signed release APK	Upload release APK artifact	2025-12-01T00:47:08.2724124Z   JAVA_HOME: /opt/hostedtoolcache/Java_Zulu_jdk/17.0.17-10/x64
Build signed release APK	Upload release APK artifact	2025-12-01T00:47:08.2724520Z   JAVA_HOME_17_X64: /opt/hostedtoolcache/Java_Zulu_jdk/17.0.17-10/x64
Build signed release APK	Upload release APK artifact	2025-12-01T00:47:08.2724927Z   FLUTTER_ROOT: /opt/hostedtoolcache/flutter/stable-3.35.6-x64
Build signed release APK	Upload release APK artifact	2025-12-01T00:47:08.2725259Z   PUB_CACHE: /home/runner/.pub-cache
Build signed release APK	Upload release APK artifact	2025-12-01T00:47:08.2725527Z ##[endgroup]
Build signed release APK	Upload release APK artifact	2025-12-01T00:47:08.5044617Z Multiple search paths detected. Calculating the least common ancestor of all paths
Build signed release APK	Upload release APK artifact	2025-12-01T00:47:08.5048216Z The least common ancestor is /home/runner/work/gavra_android/gavra_android/build/app/outputs/flutter-apk. This will be the root directory of the artifact
Build signed release APK	Upload release APK artifact	2025-12-01T00:47:08.5062290Z ##[warning]No files were found with the provided path: build/app/outputs/flutter-apk/app-release.apk
Build signed release APK	Upload release APK artifact	build/app/outputs/flutter-apk/app-arm64-v8a-release.apk
Build signed release APK	Upload release APK artifact	build/app/outputs/flutter-apk/app-armeabi-v7a-release.apk. No artifacts will be uploaded.
Build signed release APK	Post Setup Flutter	∩╗┐2025-12-01T00:47:08.5233069Z Post job cleanup.
Build signed release APK	Post Setup Java	∩╗┐2025-12-01T00:47:08.5282903Z Post job cleanup.
Build signed release APK	Post Checkout	∩╗┐2025-12-01T00:47:08.7164390Z Post job cleanup.
Build signed release APK	Post Checkout	2025-12-01T00:47:08.8274345Z [command]/usr/bin/git version
Build signed release APK	Post Checkout	2025-12-01T00:47:08.8319721Z git version 2.51.2
Build signed release APK	Post Checkout	2025-12-01T00:47:08.8383652Z Temporarily overriding HOME='/home/runner/work/_temp/042c1370-58e4-456c-bd98-046f9a4f1d0d' before making global git config changes
Build signed release APK	Post Checkout	2025-12-01T00:47:08.8388755Z Adding repository directory to the temporary git global config as a safe directory
Build signed release APK	Post Checkout	2025-12-01T00:47:08.8397181Z [command]/usr/bin/git config --global --add safe.directory /home/runner/work/gavra_android/gavra_android
Build signed release APK	Post Checkout	2025-12-01T00:47:08.8452105Z [command]/usr/bin/git config --local --name-only --get-regexp core\.sshCommand
Build signed release APK	Post Checkout	2025-12-01T00:47:08.8497581Z [command]/usr/bin/git submodule foreach --recursive sh -c "git config --local --name-only --get-regexp 'core\.sshCommand' && git config --local --unset-all 'core.sshCommand' || :"
Build signed release APK	Post Checkout	2025-12-01T00:47:08.8814456Z fatal: No url found for submodule path 'github-mcp-server' in .gitmodules
Build signed release APK	Post Checkout	2025-12-01T00:47:08.8853374Z ##[warning]The process '/usr/bin/git' failed with exit code 128
Build signed release APK	Complete job	∩╗┐2025-12-01T00:47:08.8977381Z Cleaning up orphan processes
Build signed release APK	Complete job	2025-12-01T00:47:08.9297894Z Terminate orphan process: pid (2769) (java)
Build signed release APK	Complete job	2025-12-01T00:47:08.9321993Z Terminate orphan process: pid (2907) (java)
